Hello from the .bat file! 
